// Jest Snapshot v1, https://goo.gl/fbAQLP

exports[`renders correctly 1`] = `
<div
  className="container"
>
  <nav
    className="navBar navbar navbar-expand-lg navbar-light fixed-top"
  >
    <span
      className="navbar-brand"
      style={
        Object {
          "color": "white",
        }
      }
    >
      <img
        alt="group up logo"
        className="logoImage"
        href="/home"
        onClick={[Function]}
        src="https://i.imgur.com/w92t1xH.png"
      />
    </span>
    <button
      aria-controls="basic-navbar-nav"
      aria-label="Toggle navigation"
      className="navbar-toggler collapsed"
      onClick={[Function]}
      type="button"
    >
      <span
        className="navbar-toggler-icon"
      />
    </button>
    <div
      aria-expanded={null}
      className="navbar-collapse collapse"
    >
      <div
        className="mr=auto navbar-nav"
        onKeyDown={[Function]}
      >
        <a
          className="nav-link"
          data-rb-event-key="/home"
          href="/home"
          onClick={[Function]}
          onKeyDown={[Function]}
          style={
            Object {
              "color": "rgb(238, 237, 237)",
            }
          }
        >
          Home
          <img
            alt="drop down arrow"
            className="processImage"
            src="/right-caret.svg"
          />
        </a>
        <a
          className="nav-link"
          data-rb-event-key="/selection"
          href="/selection"
          onClick={[Function]}
          onKeyDown={[Function]}
          style={
            Object {
              "color": "rgb(238, 237, 237)",
            }
          }
        >
          Select Hackathon
          <img
            alt="drop down arrow"
            className="processImage"
            src="/right-caret.svg"
          />
        </a>
        <a
          className="nav-link"
          data-rb-event-key="/listing/undefined"
          href="/listing/undefined"
          onClick={[Function]}
          onKeyDown={[Function]}
          style={
            Object {
              "color": "rgb(238, 237, 237)",
            }
          }
        >
          Group Listings
          <img
            alt="drop down arrow"
            className="processImage"
            src="/right-caret.svg"
          />
        </a>
        <span
          className="navbar-brand"
          style={
            Object {
              "color": "rgb(238, 237, 237)",
            }
          }
        >
          Create a group
        </span>
      </div>
      <div
        className="ms-auto navbar-nav"
        onKeyDown={[Function]}
      >
        <a
          className="ml-auto navHelp navbar-brand"
          href="/help"
          id="collasible-nav-dropdown"
          onClick={[Function]}
          title="Help"
        >
          <img
            alt="help"
            className="splitterImage"
            src="/info-circle.svg"
          />
        </a>
      </div>
    </div>
  </nav>
  <h1>
    Advertise your group
  </h1>
  <form
    className=""
    onSubmit={[Function]}
  >
    <div
      className="col"
    >
      <div
        className="formBox form-group col"
      >
        <label
          className="form-label"
          htmlFor="formLeaderName"
        >
          Leader's Name
        </label>
        <input
          className="form-control"
          disabled={true}
          id="formLeaderName"
          name="leader"
          placeholder=""
          type="text"
          value=""
        />
        <small
          className="text-muted form-text"
        >
          Leader is just the point of contact, it can really be any group member.
        </small>
      </div>
      <div
        className="formBox form-group col"
      >
        <label
          className="form-label"
          htmlFor="formLeaderName"
        >
          Leader's Email
        </label>
        <input
          className="form-control"
          disabled={true}
          id="formLeaderName"
          name="leaderemail"
          placeholder=""
          type="text"
          value=""
        />
        <small
          className="text-muted form-text"
        >
          This is the first point of contact for new members, make sure you are active on this email!
        </small>
      </div>
    </div>
    <label
      className="formBox"
      htmlFor="basic-url"
    >
      A few things you need to specify about your group, to help understand the skills, interests and backgrounds your group possess:
    </label>
    <div
      className="form-row"
    >
      <div
        className="form-group"
      >
        <label
          className="form-label"
          htmlFor="adrequirements"
        >
          Additional Notes
        </label>
        <input
          className="form-control"
          id="adrequirements"
          name="adrequirements"
          onChange={[Function]}
          placeholder="e.g. Experience in Robotics"
          type="text"
          value=""
        />
        <small
          className="text-muted form-text"
        >
          Any of your own requirements.
        </small>
      </div>
    </div>
    <div
      className="formBox form-group"
    >
      <label
        className="form-label"
        htmlFor="formOtherMembers"
      >
        Other Members names
      </label>
      <input
        className="form-control"
        id="formOtherMembers"
        name="teammates"
        onChange={[Function]}
        placeholder="e.g. John, Mary, Adam"
        type="text"
        value=""
      />
      <small
        className="text-muted form-text"
      >
        Add Teammates here (comma-separated).
      </small>
    </div>
    <button
      className="btn btn-primary"
      disabled={false}
      type="submit"
    >
      Submit
    </button>
  </form>
</div>
`;
