// Jest Snapshot v1, https://goo.gl/fbAQLP

exports[`renders correctly 1`] = `
<div>
  <div
    className="card"
  >
    <div
      className="card-body"
    >
      <div
        className="card-title h5"
      >
        ALICE
        's Group
      </div>
      <p
        className="card-text"
      >
        <table
          className="table table-sm table-striped table-bordered table-hover"
        >
          <thead>
            <tr>
              <th>
                Requirement
              </th>
              <th>
                Needed
              </th>
            </tr>
          </thead>
          <tbody>
            <tr>
              <td>
                1
              </td>
              <td>
                1
              </td>
            </tr>
            <tr>
              <td>
                TYPESCRIPT
              </td>
              <td>
                TYPESCRIPT
              </td>
            </tr>
            <tr>
              <td>
                ENGLISH
              </td>
              <td>
                ENGLISH
              </td>
            </tr>
          </tbody>
        </table>
      </p>
      <div
        className="text-muted datePosted card-footer"
      >
        Posted more than a month ago
      </div>
      <a
        className="btn btn-primary"
        href="/group/0/0"
        onClick={[Function]}
        onKeyDown={[Function]}
      >
        Find out more
      </a>
    </div>
  </div>
</div>
`;
